
===========================================================================
 report_power
============================================================================
======================= Fastest Corner ===================================

Group                  Internal  Switching    Leakage      Total
                          Power      Power      Power      Power (Watts)
----------------------------------------------------------------
Sequential             1.06e-02   1.59e-03   1.82e-06   1.22e-02  28.5%
Combinational          1.25e-02   1.81e-02   2.98e-07   3.06e-02  71.5%
Macro                  0.00e+00   0.00e+00   0.00e+00   0.00e+00   0.0%
Pad                    0.00e+00   0.00e+00   0.00e+00   0.00e+00   0.0%
----------------------------------------------------------------
Total                  2.32e-02   1.97e-02   2.12e-06   4.29e-02 100.0%
                          54.1%      45.9%       0.0%

======================= Slowest Corner ===================================

Group                  Internal  Switching    Leakage      Total
                          Power      Power      Power      Power (Watts)
----------------------------------------------------------------
Sequential             7.16e-03   1.05e-03   5.96e-05   8.27e-03  28.3%
Combinational          8.88e-03   1.20e-02   1.11e-04   2.10e-02  71.7%
Macro                  0.00e+00   0.00e+00   0.00e+00   0.00e+00   0.0%
Pad                    0.00e+00   0.00e+00   0.00e+00   0.00e+00   0.0%
----------------------------------------------------------------
Total                  1.60e-02   1.31e-02   1.71e-04   2.93e-02 100.0%
                          54.8%      44.6%       0.6%

======================= Typical Corner ===================================

Group                  Internal  Switching    Leakage      Total
                          Power      Power      Power      Power (Watts)
----------------------------------------------------------------
Sequential             9.19e-03   1.34e-03   1.80e-06   1.05e-02  28.6%
Combinational          1.10e-02   1.53e-02   1.45e-07   2.63e-02  71.4%
Macro                  0.00e+00   0.00e+00   0.00e+00   0.00e+00   0.0%
Pad                    0.00e+00   0.00e+00   0.00e+00   0.00e+00   0.0%
----------------------------------------------------------------
Total                  2.02e-02   1.67e-02   1.94e-06   3.68e-02 100.0%
                          54.8%      45.2%       0.0%

