Partial/Required:  1.86, Required:    400.0, Partial:   745.43, Net: net2, Pin: hold2/A, Layer: met1
Partial/Required:  1.73, Required:    400.0, Partial:   693.44, Net: net2933, Pin: _17442_/A0, Layer: met1
Partial/Required:  1.71, Required:    400.0, Partial:   685.89, Net: _09176_, Pin: _24355_/A0, Layer: met1
Partial/Required:  1.71, Required:    400.0, Partial:   682.78, Net: _12299_, Pin: _26228_/A0, Layer: met1
Partial/Required:  1.44, Required:    400.0, Partial:    577.0, Net: _13392_, Pin: _15141_/B, Layer: met2
Partial/Required:  1.43, Required:    400.0, Partial:   572.11, Net: _12303_, Pin: _26275_/A0, Layer: met1
Partial/Required:  1.41, Required:    400.0, Partial:   565.78, Net: _09032_, Pin: _22471_/A0, Layer: met1
Partial/Required:  1.37, Required:    400.0, Partial:   547.06, Net: _12796_, Pin: _28719_/A0, Layer: met1
Partial/Required:  1.26, Required:    400.0, Partial:   504.78, Net: _07495_, Pin: _20478_/A1, Layer: met1
Partial/Required:  1.26, Required:    400.0, Partial:   504.56, Net: _12801_, Pin: _28724_/A0, Layer: met1
Partial/Required:  1.24, Required:    400.0, Partial:   494.89, Net: _00008_, Pin: hold5209/A, Layer: met1
Partial/Required:  1.22, Required:    400.0, Partial:    487.8, Net: _11900_, Pin: _25833_/A0, Layer: met1
Partial/Required:  1.11, Required:    400.0, Partial:   443.78, Net: _05655_, Pin: _17870_/A0, Layer: met1
Partial/Required:  1.06, Required:    400.0, Partial:   423.33, Net: _04712_, Pin: _16808_/B, Layer: met1
Partial/Required:  1.05, Required:    400.0, Partial:   418.56, Net: _05139_, Pin: _17211_/D, Layer: met1
Partial/Required:  1.01, Required:    400.0, Partial:   405.44, Net: _07535_, Pin: _20518_/A1, Layer: met1
Partial/Required:  1.01, Required:    400.0, Partial:   404.67, Net: _09030_, Pin: _22469_/A0, Layer: met1
