CVC: Log output to /openlane/designs/picorv32_soc/openlane_design/runs/RUN_2026.10.05_07.54.36/reports/signoff/top.rpt
CVC: Error output to /openlane/designs/picorv32_soc/openlane_design/runs/RUN_2026.10.05_07.54.36/reports/signoff/top.rpt.error.gz
CVC: Debug output to /openlane/designs/picorv32_soc/openlane_design/runs/RUN_2026.10.05_07.54.36/reports/signoff/top.rpt.debug.gz
CVC: Circuit Validation Check  Version 1.1.4
CVC: Start: Mon Oct  5 08:38:44 2026

Using the following parameters for CVC (Circuit Validation Check) from /openlane/pdks/sky130A/libs.tech/openlane/cvc/cvcrc
CVC_TOP = 'top'
CVC_NETLIST = '/openlane/designs/picorv32_soc/openlane_design/runs/RUN_2026.10.05_07.54.36/tmp/signoff/top.cdl'
CVC_MODE = 'top'
CVC_MODEL_FILE = '/openlane/pdks/sky130A/libs.tech/openlane/cvc/models'
CVC_POWER_FILE = '/openlane/designs/picorv32_soc/openlane_design/runs/RUN_2026.10.05_07.54.36/tmp/signoff/top.power'
CVC_FUSE_FILE = ''
CVC_REPORT_FILE = '/openlane/designs/picorv32_soc/openlane_design/runs/RUN_2026.10.05_07.54.36/reports/signoff/top.rpt'
CVC_REPORT_TITLE = 'CVC $CVC_TOP'
CVC_CIRCUIT_ERROR_LIMIT = '100'
CVC_SEARCH_LIMIT = '100'
CVC_LEAK_LIMIT = '0.0002'
CVC_SOI = 'false'
CVC_SCRC = 'false'
CVC_VTH_GATES = 'false'
CVC_MIN_VTH_GATES = 'false'
CVC_IGNORE_VTH_FLOATING = 'false'
CVC_IGNORE_NO_LEAK_FLOATING = 'false'
CVC_LEAK_OVERVOLTAGE = 'true'
CVC_LOGIC_DIODES = 'false'
CVC_ANALOG_GATES = 'true'
CVC_BACKUP_RESULTS = 'false'
CVC_MOS_DIODE_ERROR_THRESHOLD = '0'
CVC_SHORT_ERROR_THRESHOLD = '0'
CVC_BIAS_ERROR_THRESHOLD = '0'
CVC_FORWARD_ERROR_THRESHOLD = '0'
CVC_FLOATING_ERROR_THRESHOLD = '0'
CVC_GATE_ERROR_THRESHOLD = '0'
CVC_LEAK?_ERROR_THRESHOLD = '0'
CVC_EXPECTED_ERROR_THRESHOLD = '0'
CVC_OVERVOLTAGE_ERROR_THRESHOLD = '0'
CVC_PARALLEL_CIRCUIT_PORT_LIMIT = '0'
CVC_CELL_ERROR_LIMIT_FILE = ''
CVC_CELL_CHECKSUM_FILE = ''
CVC_LARGE_CIRCUIT_SIZE = '10000000'
CVC_NET_CHECK_FILE = ''
CVC_MODEL_CHECK_FILE = ''
End of parameters

CVC: Reading device model settings...
CVC: Reading power settings...
CVC: Parsing netlist /openlane/designs/picorv32_soc/openlane_design/runs/RUN_2026.10.05_07.54.36/tmp/signoff/top.cdl
Cdl fixed data size 2372912
Usage CDL: Time: 0  Memory: 90800  I/O: 24208  Swap: 0
CVC: Counting and linking...
