[INFO]: Run Directory: /openlane/designs/picorv32_soc/openlane_design/runs/RUN_2026.10.05_07.54.36
[INFO]: Saving runtime environment...
[INFO]: Preparing LEF files for the nom corner...
[INFO]: Preparing LEF files for the min corner...
[INFO]: Preparing LEF files for the max corner...
[INFO]: Running linter (Verilator) (log: openlane_design/runs/RUN_2026.10.05_07.54.36/logs/synthesis/linter.log)...
[INFO]: 0 errors found by linter
[WARNING]: 63 warnings found by linter
[INFO]: Running Synthesis (log: openlane_design/runs/RUN_2026.10.05_07.54.36/logs/synthesis/1-synthesis.log)...
[INFO]: Running Single-Corner Static Timing Analysis (log: openlane_design/runs/RUN_2026.10.05_07.54.36/logs/synthesis/2-sta.log)...
[INFO]: Creating a netlist with power/ground pins.
[INFO]: Running Initial Floorplanning (log: openlane_design/runs/RUN_2026.10.05_07.54.36/logs/floorplan/3-initial_fp.log)...
[INFO]: Floorplanned with width 988.54 and height 976.48.
[INFO]: Running IO Placement (log: openlane_design/runs/RUN_2026.10.05_07.54.36/logs/floorplan/4-place_io.log)...
[INFO]: Running Tap/Decap Insertion (log: openlane_design/runs/RUN_2026.10.05_07.54.36/logs/floorplan/5-tap.log)...
[INFO]: Power planning with power {VPWR} and ground {VGND}...
[INFO]: Generating PDN (log: openlane_design/runs/RUN_2026.10.05_07.54.36/logs/floorplan/6-pdn.log)...
[INFO]: Running Global Placement (log: openlane_design/runs/RUN_2026.10.05_07.54.36/logs/placement/7-global.log)...
[INFO]: Running Single-Corner Static Timing Analysis (log: openlane_design/runs/RUN_2026.10.05_07.54.36/logs/placement/8-gpl_sta.log)...
[INFO]: Running Placement Resizer Design Optimizations (log: openlane_design/runs/RUN_2026.10.05_07.54.36/logs/placement/9-resizer.log)...
[INFO]: Running Detailed Placement (log: openlane_design/runs/RUN_2026.10.05_07.54.36/logs/placement/10-detailed.log)...
[INFO]: Running Single-Corner Static Timing Analysis (log: openlane_design/runs/RUN_2026.10.05_07.54.36/logs/placement/11-dpl_sta.log)...
[INFO]: Running Clock Tree Synthesis (log: openlane_design/runs/RUN_2026.10.05_07.54.36/logs/cts/12-cts.log)...
[INFO]: Running Single-Corner Static Timing Analysis (log: openlane_design/runs/RUN_2026.10.05_07.54.36/logs/cts/13-cts_sta.log)...
[INFO]: Running Placement Resizer Timing Optimizations (log: openlane_design/runs/RUN_2026.10.05_07.54.36/logs/cts/14-resizer.log)...
[INFO]: Running Global Routing Resizer Design Optimizations (log: openlane_design/runs/RUN_2026.10.05_07.54.36/logs/routing/15-resizer_design.log)...
[INFO]: Running Single-Corner Static Timing Analysis (log: openlane_design/runs/RUN_2026.10.05_07.54.36/logs/routing/16-rsz_design_sta.log)...
[INFO]: Running Global Routing Resizer Timing Optimizations (log: openlane_design/runs/RUN_2026.10.05_07.54.36/logs/routing/17-resizer_timing.log)...
[INFO]: Running Single-Corner Static Timing Analysis (log: openlane_design/runs/RUN_2026.10.05_07.54.36/logs/routing/18-rsz_timing_sta.log)...
[INFO]: Running I/O Diode Insertion (log: openlane_design/runs/RUN_2026.10.05_07.54.36/logs/routing/19-io_diodes.log)...
[INFO]: Running Detailed Placement (log: openlane_design/runs/RUN_2026.10.05_07.54.36/logs/routing/20-io_diode_legalization.log)...
[INFO]: Running Heuristic Diode Insertion (log: openlane_design/runs/RUN_2026.10.05_07.54.36/logs/routing/21-diodes.log)...
[INFO]: Running Detailed Placement (log: openlane_design/runs/RUN_2026.10.05_07.54.36/logs/routing/22-diode_legalization.log)...
[INFO]: Running Global Routing (log: openlane_design/runs/RUN_2026.10.05_07.54.36/logs/routing/23-global.log)...
[INFO]: Starting OpenROAD Antenna Repair Iterations...
[INFO]: Writing Verilog (log: openlane_design/runs/RUN_2026.10.05_07.54.36/logs/routing/23-global_write_netlist.log)...
[INFO]: Running Single-Corner Static Timing Analysis (log: openlane_design/runs/RUN_2026.10.05_07.54.36/logs/routing/25-grt_sta.log)...
[INFO]: Running Fill Insertion (log: openlane_design/runs/RUN_2026.10.05_07.54.36/logs/routing/26-fill.log)...
[INFO]: Running Detailed Routing (log: openlane_design/runs/RUN_2026.10.05_07.54.36/logs/routing/27-detailed.log)...
[INFO]: No DRC violations after detailed routing.
[INFO]: Checking Wire Lengths (log: openlane_design/runs/RUN_2026.10.05_07.54.36/logs/routing/28-wire_lengths.log)...
[INFO]: Running SPEF Extraction at the min process corner (log: openlane_design/runs/RUN_2026.10.05_07.54.36/logs/signoff/29-parasitics_extraction.min.log)...
[INFO]: Running Multi-Corner Static Timing Analysis at the min process corner (log: openlane_design/runs/RUN_2026.10.05_07.54.36/logs/signoff/30-rcx_mcsta.min.log)...
[INFO]: Running SPEF Extraction at the max process corner (log: openlane_design/runs/RUN_2026.10.05_07.54.36/logs/signoff/31-parasitics_extraction.max.log)...
[INFO]: Running Multi-Corner Static Timing Analysis at the max process corner (log: openlane_design/runs/RUN_2026.10.05_07.54.36/logs/signoff/32-rcx_mcsta.max.log)...
[INFO]: Running SPEF Extraction at the nom process corner (log: openlane_design/runs/RUN_2026.10.05_07.54.36/logs/signoff/33-parasitics_extraction.nom.log)...
[INFO]: Running Multi-Corner Static Timing Analysis at the nom process corner (log: openlane_design/runs/RUN_2026.10.05_07.54.36/logs/signoff/34-rcx_mcsta.nom.log)...
[INFO]: Running Single-Corner Static Timing Analysis at the nom process corner (log: openlane_design/runs/RUN_2026.10.05_07.54.36/logs/signoff/35-rcx_sta.log)...
[WARNING]: Module sky130_fd_sc_hd__tapvpwrvgnd_1 blackboxed during sta
[WARNING]: Module sky130_ef_sc_hd__decap_12 blackboxed during sta
[WARNING]: Module sky130_fd_sc_hd__fill_1 blackboxed during sta
[WARNING]: Module sky130_fd_sc_hd__fill_2 blackboxed during sta
[INFO]: Running Magic to generate various views...
[INFO]: Streaming out GDSII with Magic (log: openlane_design/runs/RUN_2026.10.05_07.54.36/logs/signoff/36-gdsii.log)...
[INFO]: Generating MAGLEF views...
[INFO]: Generating lef with Magic (/openlane/designs/picorv32_soc/openlane_design/runs/RUN_2026.10.05_07.54.36/logs/signoff/36-lef.log)...
[INFO]: Streaming out GDSII with KLayout (log: openlane_design/runs/RUN_2026.10.05_07.54.36/logs/signoff/37-gdsii-klayout.log)...
[WARNING]: 'openlane_design/runs/RUN_2026.10.05_07.54.36/results/signoff/top.klayout.gds' wasn't found. Skipping GDS XOR.
[INFO]: Running Magic Spice Export from LEF (log: openlane_design/runs/RUN_2026.10.05_07.54.36/logs/signoff/38-spice.log)...
[INFO]: Writing Powered Verilog (logs: openlane_design/runs/RUN_2026.10.05_07.54.36/logs/signoff/39-write_powered_def.log, openlane_design/runs/RUN_2026.10.05_07.54.36/logs/signoff/39-write_powered_verilog.log)...
[INFO]: Writing Verilog (log: openlane_design/runs/RUN_2026.10.05_07.54.36/logs/signoff/39-write_powered_verilog.log)...
[INFO]: Running LVS (log: openlane_design/runs/RUN_2026.10.05_07.54.36/logs/signoff/41-lvs.lef.log)...
[INFO]: Running Magic DRC (log: openlane_design/runs/RUN_2026.10.05_07.54.36/logs/signoff/42-drc.log)...
[INFO]: Converting Magic DRC database to various tool-readable formats...
[INFO]: No DRC violations after GDS streaming out.
[INFO]: Running OpenROAD Antenna Rule Checker (log: openlane_design/runs/RUN_2026.10.05_07.54.36/logs/signoff/43-arc.log)...
[INFO]: Running Circuit Validity Checker ERC (log: openlane_design/runs/RUN_2026.10.05_07.54.36/logs/signoff/44-erc_screen.log)...
[INFO]: Saving current set of views in 'openlane_design/runs/RUN_2026.10.05_07.54.36/results/final'...
[INFO]: Saving runtime environment...
[INFO]: Generating final set of reports...
[INFO]: Created manufacturability report at 'openlane_design/runs/RUN_2026.10.05_07.54.36/reports/manufacturability.rpt'.
[INFO]: Created metrics report at 'openlane_design/runs/RUN_2026.10.05_07.54.36/reports/metrics.csv'.
[INFO]: There are no max slew, max fanout or max capacitance violations in the design at the typical corner.
[INFO]: There are no hold violations in the design at the typical corner.
[INFO]: There are no setup violations in the design at the typical corner.
[SUCCESS]: Flow complete.
[INFO]: Note that the following warnings have been generated:
